2026-04-23T03:40:56.7289276Z clevifin-runner-01(version:v0.2.11) received task 634 of job deploy, be triggered by event: push
2026-04-23T03:40:56.7302493Z workflow prepared
2026-04-23T03:40:56.7302884Z evaluating expression 'success()'
2026-04-23T03:40:56.7303317Z expression 'success()' evaluated to 'true'
2026-04-23T03:40:56.7303372Z 'runs-on' key not defined in Deploy windows branch/validate
2026-04-23T03:40:56.7303421Z No steps found
2026-04-23T03:40:56.7303703Z evaluating expression 'success()'
2026-04-23T03:40:56.7303856Z expression 'success()' evaluated to 'true'
2026-04-23T03:40:56.7304015Z 🚀  Start image=catthehacker/ubuntu:act-latest
2026-04-23T03:40:56.7358176Z   🐳  docker pull image=catthehacker/ubuntu:act-latest platform= username= forcePull=false
2026-04-23T03:40:56.7358359Z   🐳  docker pull catthehacker/ubuntu:act-latest
2026-04-23T03:40:56.7457095Z Image exists? true
2026-04-23T03:40:56.7955470Z Cleaning up network for job Deploy to VM, and network name is: GITEA-ACTIONS-TASK-634_WORKFLOW-Deploy-windows-branch_JOB-Deploy-to-VM-deploy-network
2026-04-23T03:40:56.8682445Z   🐳  docker create image=catthehacker/ubuntu:act-latest platform= entrypoint=["/bin/sleep" "10800"] cmd=[] network="GITEA-ACTIONS-TASK-634_WORKFLOW-Deploy-windows-branch_JOB-Deploy-to-VM-deploy-network"
2026-04-23T03:40:56.9463127Z Created container name=GITEA-ACTIONS-TASK-634_WORKFLOW-Deploy-windows-branch_JOB-Deploy-to-VM id=ea689c50ed3af7e64e290e4b4f2bdada9fcdcd92e74ca25bd11168ae5c171aaf from image catthehacker/ubuntu:act-latest (platform: )
2026-04-23T03:40:56.9463295Z ENV ==> [RUNNER_TOOL_CACHE=/opt/hostedtoolcache RUNNER_OS=Linux RUNNER_ARCH=X64 RUNNER_TEMP=/tmp LANG=C.UTF-8]
2026-04-23T03:40:56.9463402Z   🐳  docker run image=catthehacker/ubuntu:act-latest platform= entrypoint=["/bin/sleep" "10800"] cmd=[] network="GITEA-ACTIONS-TASK-634_WORKFLOW-Deploy-windows-branch_JOB-Deploy-to-VM-deploy-network"
2026-04-23T03:40:56.9463549Z Starting container: ea689c50ed3af7e64e290e4b4f2bdada9fcdcd92e74ca25bd11168ae5c171aaf
2026-04-23T03:40:57.0411363Z Started container: ea689c50ed3af7e64e290e4b4f2bdada9fcdcd92e74ca25bd11168ae5c171aaf
2026-04-23T03:40:57.0761281Z Writing entry to tarball workflow/event.json len:4604
2026-04-23T03:40:57.0761550Z Writing entry to tarball workflow/envs.txt len:0
2026-04-23T03:40:57.0761656Z Extracting content to '/var/run/act/'
2026-04-23T03:40:57.0863295Z   ☁  git clone 'https://github.com/actions/checkout' # ref=v4
2026-04-23T03:40:57.0863436Z   cloning https://github.com/actions/checkout to /home/ivycs/.cache/act/c3fe249fe73091a17d6638fe1341e7bd0bcc3466ce52323c0688e83e2463a4ab
2026-04-23T03:40:57.4752570Z Non-terminating error while running 'git clone': some refs were not updated
2026-04-23T03:40:57.4909124Z evaluating expression ''
2026-04-23T03:40:57.4909365Z expression '' evaluated to 'true'
2026-04-23T03:40:57.4909450Z ⭐ Run Main Check out repository
2026-04-23T03:40:57.4909581Z Writing entry to tarball workflow/outputcmd.txt len:0
2026-04-23T03:40:57.4909686Z Writing entry to tarball workflow/statecmd.txt len:0
2026-04-23T03:40:57.4909755Z Writing entry to tarball workflow/pathcmd.txt len:0
2026-04-23T03:40:57.4909820Z Writing entry to tarball workflow/envs.txt len:0
2026-04-23T03:40:57.4909875Z Writing entry to tarball workflow/SUMMARY.md len:0
2026-04-23T03:40:57.4909945Z Extracting content to '/var/run/act'
2026-04-23T03:40:57.4969103Z expression '${{ github.repository }}' rewritten to 'format('{0}', github.repository)'
2026-04-23T03:40:57.4969368Z evaluating expression 'format('{0}', github.repository)'
2026-04-23T03:40:57.4969554Z expression 'format('{0}', github.repository)' evaluated to '%!t(string=CleviCS/Onprem)'
2026-04-23T03:40:57.4969717Z expression '${{ github.token }}' rewritten to 'format('{0}', github.token)'
2026-04-23T03:40:57.4969773Z evaluating expression 'format('{0}', github.token)'
2026-04-23T03:40:57.4969970Z expression 'format('{0}', github.token)' evaluated to '%!t(string=***)'
2026-04-23T03:40:57.4970244Z type=remote-action actionDir=/home/ivycs/.cache/act/c3fe249fe73091a17d6638fe1341e7bd0bcc3466ce52323c0688e83e2463a4ab actionPath= workdir=/workspace/CleviCS/Onprem actionCacheDir=/home/ivycs/.cache/act actionName=c3fe249fe73091a17d6638fe1341e7bd0bcc3466ce52323c0688e83e2463a4ab containerActionDir=/var/run/act/actions/c3fe249fe73091a17d6638fe1341e7bd0bcc3466ce52323c0688e83e2463a4ab
2026-04-23T03:40:57.4970381Z /var/run/act/actions/c3fe249fe73091a17d6638fe1341e7bd0bcc3466ce52323c0688e83e2463a4ab
2026-04-23T03:40:57.4970635Z   🐳  docker cp src=/home/ivycs/.cache/act/c3fe249fe73091a17d6638fe1341e7bd0bcc3466ce52323c0688e83e2463a4ab/ dst=/var/run/act/actions/c3fe249fe73091a17d6638fe1341e7bd0bcc3466ce52323c0688e83e2463a4ab/
2026-04-23T03:40:57.4971962Z Writing tarball /tmp/act3483724642 from /home/ivycs/.cache/act/c3fe249fe73091a17d6638fe1341e7bd0bcc3466ce52323c0688e83e2463a4ab/
2026-04-23T03:40:57.4972069Z Stripping prefix:/home/ivycs/.cache/act/c3fe249fe73091a17d6638fe1341e7bd0bcc3466ce52323c0688e83e2463a4ab/ src:/home/ivycs/.cache/act/c3fe249fe73091a17d6638fe1341e7bd0bcc3466ce52323c0688e83e2463a4ab/
2026-04-23T03:40:57.5412515Z Extracting content from '/tmp/act3483724642' to '/var/run/act/actions/c3fe249fe73091a17d6638fe1341e7bd0bcc3466ce52323c0688e83e2463a4ab/'
2026-04-23T03:40:57.6496122Z executing remote job container: [node /var/run/act/actions/c3fe249fe73091a17d6638fe1341e7bd0bcc3466ce52323c0688e83e2463a4ab/dist/index.js]
2026-04-23T03:40:57.6496428Z   🐳  docker exec cmd=[node /var/run/act/actions/c3fe249fe73091a17d6638fe1341e7bd0bcc3466ce52323c0688e83e2463a4ab/dist/index.js] user= workdir=
2026-04-23T03:40:57.6496605Z Exec command '[node /var/run/act/actions/c3fe249fe73091a17d6638fe1341e7bd0bcc3466ce52323c0688e83e2463a4ab/dist/index.js]'
2026-04-23T03:40:57.6496885Z Working directory '/workspace/CleviCS/Onprem'
2026-04-23T03:40:57.7160650Z ::add-matcher::/run/act/actions/c3fe249fe73091a17d6638fe1341e7bd0bcc3466ce52323c0688e83e2463a4ab/dist/problem-matcher.json
2026-04-23T03:40:57.7160759Z ::add-matcher::/run/act/actions/c3fe249fe73091a17d6638fe1341e7bd0bcc3466ce52323c0688e83e2463a4ab/dist/problem-matcher.json
2026-04-23T03:40:57.7162726Z Syncing repository: CleviCS/Onprem
2026-04-23T03:40:57.7164231Z ::group::Getting Git version info
2026-04-23T03:40:57.7164619Z Working directory is '/workspace/CleviCS/Onprem'
2026-04-23T03:40:57.7180781Z [command]/usr/bin/git version
2026-04-23T03:40:57.7204125Z git version 2.53.0
2026-04-23T03:40:57.7216679Z ::endgroup::
2026-04-23T03:40:57.7224311Z Temporarily overriding HOME='/tmp/8d3b2ef8-69c4-4057-9e29-333a72d7209d' before making global git config changes
2026-04-23T03:40:57.7224474Z Adding repository directory to the temporary git global config as a safe directory
2026-04-23T03:40:57.7226965Z [command]/usr/bin/git config --global --add safe.directory /workspace/CleviCS/Onprem
2026-04-23T03:40:57.7248200Z Deleting the contents of '/workspace/CleviCS/Onprem'
2026-04-23T03:40:57.7250549Z ::group::Initializing the repository
2026-04-23T03:40:57.7252365Z [command]/usr/bin/git init /workspace/CleviCS/Onprem
2026-04-23T03:40:57.7293714Z hint: Using 'master' as the name for the initial branch. This default branch name
2026-04-23T03:40:57.7293854Z hint: will change to "main" in Git 3.0. To configure the initial branch name
2026-04-23T03:40:57.7293928Z hint: to use in all of your new repositories, which will suppress this warning,
2026-04-23T03:40:57.7293993Z hint: call:
2026-04-23T03:40:57.7294073Z hint:
2026-04-23T03:40:57.7294191Z hint: 	git config --global init.defaultBranch <name>
2026-04-23T03:40:57.7294277Z hint:
2026-04-23T03:40:57.7294324Z hint: Names commonly chosen instead of 'master' are 'main', 'trunk' and
2026-04-23T03:40:57.7294391Z hint: 'development'. The just-created branch can be renamed via this command:
2026-04-23T03:40:57.7294447Z hint:
2026-04-23T03:40:57.7294498Z hint: 	git branch -m <name>
2026-04-23T03:40:57.7294549Z hint:
2026-04-23T03:40:57.7294598Z hint: Disable this message with "git config set advice.defaultBranchName false"
2026-04-23T03:40:57.7296682Z Initialized empty Git repository in /workspace/CleviCS/Onprem/.git/
2026-04-23T03:40:57.7303963Z [command]/usr/bin/git remote add origin https://gitea.clevics.co.kr/CleviCS/Onprem
2026-04-23T03:40:57.7357079Z ::endgroup::
2026-04-23T03:40:57.7357324Z ::group::Disabling automatic garbage collection
2026-04-23T03:40:57.7361055Z [command]/usr/bin/git config --local gc.auto 0
2026-04-23T03:40:57.7387615Z ::endgroup::
2026-04-23T03:40:57.7387749Z ::group::Setting up auth
2026-04-23T03:40:57.7392462Z [command]/usr/bin/git config --local --name-only --get-regexp core\.sshCommand
2026-04-23T03:40:57.7416532Z [command]/usr/bin/git submodule foreach --recursive sh -c "git config --local --name-only --get-regexp 'core\.sshCommand' && git config --local --unset-all 'core.sshCommand' || :"
2026-04-23T03:40:57.7602001Z [command]/usr/bin/git config --local --name-only --get-regexp http\.https\:\/\/gitea\.clevics\.co\.kr\/\.extraheader
2026-04-23T03:40:57.7622299Z [command]/usr/bin/git submodule foreach --recursive sh -c "git config --local --name-only --get-regexp 'http\.https\:\/\/gitea\.clevics\.co\.kr\/\.extraheader' && git config --local --unset-all 'http.https://gitea.clevics.co.kr/.extraheader' || :"
2026-04-23T03:40:57.7786019Z [command]/usr/bin/git config --local --name-only --get-regexp ^includeIf\.gitdir:
2026-04-23T03:40:57.7806864Z [command]/usr/bin/git submodule foreach --recursive git config --local --show-origin --name-only --get-regexp remote.origin.url
2026-04-23T03:40:57.7968354Z [command]/usr/bin/git config --local http.https://gitea.clevics.co.kr/.extraheader AUTHORIZATION: basic ***
2026-04-23T03:40:57.7991936Z ::endgroup::
2026-04-23T03:40:57.7992081Z ::group::Fetching the repository
2026-04-23T03:40:57.7996202Z [command]/usr/bin/git -c protocol.version=2 fetch --no-tags --prune --no-recurse-submodules --depth=1 origin +9b5ccec10721b0eb932a9be1c273c1b98a90aa90:refs/remotes/origin/windows
2026-04-23T03:40:57.9743258Z From https://gitea.clevics.co.kr/CleviCS/Onprem
2026-04-23T03:40:57.9743383Z  * [new ref]         9b5ccec10721b0eb932a9be1c273c1b98a90aa90 -> origin/windows
2026-04-23T03:40:57.9763185Z ::endgroup::
2026-04-23T03:40:57.9763316Z ::group::Determining the checkout info
2026-04-23T03:40:57.9764698Z ::endgroup::
2026-04-23T03:40:57.9767479Z [command]/usr/bin/git sparse-checkout disable
2026-04-23T03:40:57.9792290Z [command]/usr/bin/git config --local --unset-all extensions.worktreeConfig
2026-04-23T03:40:57.9807506Z ::group::Checking out the ref
2026-04-23T03:40:57.9809403Z [command]/usr/bin/git checkout --progress --force -B windows refs/remotes/origin/windows
2026-04-23T03:40:57.9887538Z Switched to a new branch 'windows'
2026-04-23T03:40:57.9889501Z branch 'windows' set up to track 'origin/windows'.
2026-04-23T03:40:57.9892488Z ::endgroup::
2026-04-23T03:40:57.9913476Z [command]/usr/bin/git log -1 --format=%H
2026-04-23T03:40:57.9926335Z 9b5ccec10721b0eb932a9be1c273c1b98a90aa90
2026-04-23T03:40:57.9933970Z ::remove-matcher owner=checkout-git::
2026-04-23T03:40:58.0961724Z getaddrinfo ***: Name or service not known
2026-04-23T03:40:58.1300068Z getaddrinfo ***: Name or service not known
2026-04-23T03:40:58.1641596Z getaddrinfo ***: Name or service not known
2026-04-23T03:40:58.1982363Z getaddrinfo ***: Name or service not known
2026-04-23T03:40:58.3992593Z getaddrinfo ***: Name or service not known
2026-04-23T03:40:58.4326130Z evaluating expression 'always()'
2026-04-23T03:40:58.4326354Z expression 'always()' evaluated to 'true'
2026-04-23T03:40:58.4326433Z ⭐ Run Post Check out repository
2026-04-23T03:40:58.4326562Z Writing entry to tarball workflow/outputcmd.txt len:0
2026-04-23T03:40:58.4326670Z Writing entry to tarball workflow/statecmd.txt len:0
2026-04-23T03:40:58.4326743Z Writing entry to tarball workflow/pathcmd.txt len:0
2026-04-23T03:40:58.4326818Z Writing entry to tarball workflow/envs.txt len:0
2026-04-23T03:40:58.4326890Z Writing entry to tarball workflow/SUMMARY.md len:0
2026-04-23T03:40:58.4326970Z Extracting content to '/var/run/act'
2026-04-23T03:40:58.4340013Z run post step for 'Check out repository'
2026-04-23T03:40:58.4340338Z executing remote job container: [node /var/run/act/actions/c3fe249fe73091a17d6638fe1341e7bd0bcc3466ce52323c0688e83e2463a4ab/dist/index.js]
2026-04-23T03:40:58.4340694Z   🐳  docker exec cmd=[node /var/run/act/actions/c3fe249fe73091a17d6638fe1341e7bd0bcc3466ce52323c0688e83e2463a4ab/dist/index.js] user= workdir=
2026-04-23T03:40:58.4340770Z Exec command '[node /var/run/act/actions/c3fe249fe73091a17d6638fe1341e7bd0bcc3466ce52323c0688e83e2463a4ab/dist/index.js]'
2026-04-23T03:40:58.4340978Z Working directory '/workspace/CleviCS/Onprem'
2026-04-23T03:40:58.4992832Z [command]/usr/bin/git version
2026-04-23T03:40:58.5016883Z git version 2.53.0
2026-04-23T03:40:58.5030784Z ***
2026-04-23T03:40:58.5047619Z Temporarily overriding HOME='/tmp/a752fa36-2878-4532-911a-f0fc22f0befa' before making global git config changes
2026-04-23T03:40:58.5047829Z Adding repository directory to the temporary git global config as a safe directory
2026-04-23T03:40:58.5060015Z [command]/usr/bin/git config --global --add safe.directory /workspace/CleviCS/Onprem
2026-04-23T03:40:58.5081267Z [command]/usr/bin/git config --local --name-only --get-regexp core\.sshCommand
2026-04-23T03:40:58.5102590Z [command]/usr/bin/git submodule foreach --recursive sh -c "git config --local --name-only --get-regexp 'core\.sshCommand' && git config --local --unset-all 'core.sshCommand' || :"
2026-04-23T03:40:58.5312973Z [command]/usr/bin/git config --local --name-only --get-regexp http\.https\:\/\/gitea\.clevics\.co\.kr\/\.extraheader
2026-04-23T03:40:58.5329618Z http.https://gitea.clevics.co.kr/.extraheader
2026-04-23T03:40:58.5334737Z [command]/usr/bin/git config --local --unset-all http.https://gitea.clevics.co.kr/.extraheader
2026-04-23T03:40:58.5352838Z [command]/usr/bin/git submodule foreach --recursive sh -c "git config --local --name-only --get-regexp 'http\.https\:\/\/gitea\.clevics\.co\.kr\/\.extraheader' && git config --local --unset-all 'http.https://gitea.clevics.co.kr/.extraheader' || :"
2026-04-23T03:40:58.5548608Z [command]/usr/bin/git config --local --name-only --get-regexp ^includeIf\.gitdir:
2026-04-23T03:40:58.5569896Z [command]/usr/bin/git submodule foreach --recursive git config --local --show-origin --name-only --get-regexp remote.origin.url
2026-04-23T03:40:58.5803112Z   ✅  Success - Post Check out repository
2026-04-23T03:40:58.5852132Z Cleaning up container for job Deploy to VM
2026-04-23T03:40:58.7407797Z Removed container: ea689c50ed3af7e64e290e4b4f2bdada9fcdcd92e74ca25bd11168ae5c171aaf
2026-04-23T03:40:58.7417731Z   🐳  docker volume rm GITEA-ACTIONS-TASK-634_WORKFLOW-Deploy-windows-branch_JOB-Deploy-to-VM
2026-04-23T03:40:58.7472205Z   🐳  docker volume rm GITEA-ACTIONS-TASK-634_WORKFLOW-Deploy-windows-branch_JOB-Deploy-to-VM-env
2026-04-23T03:40:58.7878584Z Cleaning up network for job Deploy to VM, and network name is: GITEA-ACTIONS-TASK-634_WORKFLOW-Deploy-windows-branch_JOB-Deploy-to-VM-deploy-network
2026-04-23T03:40:58.8972753Z 🏁  Job failed
2026-04-23T03:40:58.9024734Z Job 'Deploy to VM' failed
